environment: community_name = "abc123def456"
environment: encrypt_key = "SoMEVer!S$cUREPassWORD"
environment: input size = 0x200
000: 00 01 02 03 04 05 06 07  08 09 0a 0b 0c 0d 0e 0f   |                |
010: 00 01 02 03 04 05 06 07  08 09 0a 0b 0c 0d 0e 0f   |                |
020: 00 01 02 03 04 05 06 07  08 09 0a 0b 0c 0d 0e 0f   |                |
030: 00 01 02 03 04 05 06 07  08 09 0a 0b 0c 0d 0e 0f   |                |
040: 00 01 02 03 04 05 06 07  08 09 0a 0b 0c 0d 0e 0f   |                |
050: 00 01 02 03 04 05 06 07  08 09 0a 0b 0c 0d 0e 0f   |                |
060: 00 01 02 03 04 05 06 07  08 09 0a 0b 0c 0d 0e 0f   |                |
070: 00 01 02 03 04 05 06 07  08 09 0a 0b 0c 0d 0e 0f   |                |
080: 00 01 02 03 04 05 06 07  08 09 0a 0b 0c 0d 0e 0f   |                |
090: 00 01 02 03 04 05 06 07  08 09 0a 0b 0c 0d 0e 0f   |                |
0a0: 00 01 02 03 04 05 06 07  08 09 0a 0b 0c 0d 0e 0f   |                |
0b0: 00 01 02 03 04 05 06 07  08 09 0a 0b 0c 0d 0e 0f   |                |
0c0: 00 01 02 03 04 05 06 07  08 09 0a 0b 0c 0d 0e 0f   |                |
0d0: 00 01 02 03 04 05 06 07  08 09 0a 0b 0c 0d 0e 0f   |                |
0e0: 00 01 02 03 04 05 06 07  08 09 0a 0b 0c 0d 0e 0f   |                |
0f0: 00 01 02 03 04 05 06 07  08 09 0a 0b 0c 0d 0e 0f   |                |
100: 00 01 02 03 04 05 06 07  08 09 0a 0b 0c 0d 0e 0f   |                |
110: 00 01 02 03 04 05 06 07  08 09 0a 0b 0c 0d 0e 0f   |                |
120: 00 01 02 03 04 05 06 07  08 09 0a 0b 0c 0d 0e 0f   |                |
130: 00 01 02 03 04 05 06 07  08 09 0a 0b 0c 0d 0e 0f   |                |
140: 00 01 02 03 04 05 06 07  08 09 0a 0b 0c 0d 0e 0f   |                |
150: 00 01 02 03 04 05 06 07  08 09 0a 0b 0c 0d 0e 0f   |                |
160: 00 01 02 03 04 05 06 07  08 09 0a 0b 0c 0d 0e 0f   |                |
170: 00 01 02 03 04 05 06 07  08 09 0a 0b 0c 0d 0e 0f   |                |
180: 00 01 02 03 04 05 06 07  08 09 0a 0b 0c 0d 0e 0f   |                |
190: 00 01 02 03 04 05 06 07  08 09 0a 0b 0c 0d 0e 0f   |                |
1a0: 00 01 02 03 04 05 06 07  08 09 0a 0b 0c 0d 0e 0f   |                |
1b0: 00 01 02 03 04 05 06 07  08 09 0a 0b 0c 0d 0e 0f   |                |
1c0: 00 01 02 03 04 05 06 07  08 09 0a 0b 0c 0d 0e 0f   |                |
1d0: 00 01 02 03 04 05 06 07  08 09 0a 0b 0c 0d 0e 0f   |                |
1e0: 00 01 02 03 04 05 06 07  08 09 0a 0b 0c 0d 0e 0f   |                |
1f0: 00 01 02 03 04 05 06 07  08 09 0a 0b 0c 0d 0e 0f   |                |

null: output size = 0x226
000: 03 02 00 03 61 62 63 31  32 33 64 65 66 34 35 36   |    abc123def456|
010: 00 00 00 00 00 00 00 00  00 01 02 03 04 05 00 01   |                |
020: 02 03 04 05 00 00 00 01  02 03 04 05 06 07 08 09   |                |
030: 0a 0b 0c 0d 0e 0f 00 01  02 03 04 05 06 07 08 09   |                |
040: 0a 0b 0c 0d 0e 0f 00 01  02 03 04 05 06 07 08 09   |                |
050: 0a 0b 0c 0d 0e 0f 00 01  02 03 04 05 06 07 08 09   |                |
060: 0a 0b 0c 0d 0e 0f 00 01  02 03 04 05 06 07 08 09   |                |
070: 0a 0b 0c 0d 0e 0f 00 01  02 03 04 05 06 07 08 09   |                |
080: 0a 0b 0c 0d 0e 0f 00 01  02 03 04 05 06 07 08 09   |                |
090: 0a 0b 0c 0d 0e 0f 00 01  02 03 04 05 06 07 08 09   |                |
0a0: 0a 0b 0c 0d 0e 0f 00 01  02 03 04 05 06 07 08 09   |                |
0b0: 0a 0b 0c 0d 0e 0f 00 01  02 03 04 05 06 07 08 09   |                |
0c0: 0a 0b 0c 0d 0e 0f 00 01  02 03 04 05 06 07 08 09   |                |
0d0: 0a 0b 0c 0d 0e 0f 00 01  02 03 04 05 06 07 08 09   |                |
0e0: 0a 0b 0c 0d 0e 0f 00 01  02 03 04 05 06 07 08 09   |                |
0f0: 0a 0b 0c 0d 0e 0f 00 01  02 03 04 05 06 07 08 09   |                |
100: 0a 0b 0c 0d 0e 0f 00 01  02 03 04 05 06 07 08 09   |                |
110: 0a 0b 0c 0d 0e 0f 00 01  02 03 04 05 06 07 08 09   |                |
120: 0a 0b 0c 0d 0e 0f 00 01  02 03 04 05 06 07 08 09   |                |
130: 0a 0b 0c 0d 0e 0f 00 01  02 03 04 05 06 07 08 09   |                |
140: 0a 0b 0c 0d 0e 0f 00 01  02 03 04 05 06 07 08 09   |                |
150: 0a 0b 0c 0d 0e 0f 00 01  02 03 04 05 06 07 08 09   |                |
160: 0a 0b 0c 0d 0e 0f 00 01  02 03 04 05 06 07 08 09   |                |
170: 0a 0b 0c 0d 0e 0f 00 01  02 03 04 05 06 07 08 09   |                |
180: 0a 0b 0c 0d 0e 0f 00 01  02 03 04 05 06 07 08 09   |                |
190: 0a 0b 0c 0d 0e 0f 00 01  02 03 04 05 06 07 08 09   |                |
1a0: 0a 0b 0c 0d 0e 0f 00 01  02 03 04 05 06 07 08 09   |                |
1b0: 0a 0b 0c 0d 0e 0f 00 01  02 03 04 05 06 07 08 09   |                |
1c0: 0a 0b 0c 0d 0e 0f 00 01  02 03 04 05 06 07 08 09   |                |
1d0: 0a 0b 0c 0d 0e 0f 00 01  02 03 04 05 06 07 08 09   |                |
1e0: 0a 0b 0c 0d 0e 0f 00 01  02 03 04 05 06 07 08 09   |                |
1f0: 0a 0b 0c 0d 0e 0f 00 01  02 03 04 05 06 07 08 09   |                |
200: 0a 0b 0c 0d 0e 0f 00 01  02 03 04 05 06 07 08 09   |                |
210: 0a 0b 0c 0d 0e 0f 00 01  02 03 04 05 06 07 08 09   |                |
220: 0a 0b 0c 0d 0e 0f                                  |      |

tf: output size = 0x236
000: 03 02 00 03 61 62 63 31  32 33 64 65 66 34 35 36   |    abc123def456|
010: 00 00 00 00 00 00 00 00  00 01 02 03 04 05 00 01   |                |
020: 02 03 04 05 00 00 f5 a7  93 a9 e3 a8 c2 aa b8 10   |                |
030: 86 f6 fa 8f 90 79 3a ee  08 05 03 3b c6 44 83 0b   |     y:    ; D  |
040: 0e f4 30 58 a9 e0 21 5e  3c b7 2d ab 28 6d 76 08   |  0X  !^< - (mv |
050: 2e a4 db 26 d3 c1 96 52  32 4f 04 72 d6 bc 28 4b   |.  &   R2O r  (K|
060: 84 0d de dd 51 6a 2c 17  56 f9 1f 75 20 ad 0f 77   |    Qj, V  u   w|
070: c9 cd 77 ed 22 d6 f9 c2  20 00 38 59 8f f0 0f 47   |  w "     8Y   G|
080: 2e c1 c6 c8 f6 f9 b5 46  e5 9f 59 3e 8f 95 5a 6c   |.      F  Y>  Zl|
090: 2a 75 c0 6f 63 31 4f 56  29 95 6e 07 16 7f 44 4b   |*u oc1OV) n   DK|
0a0: fa 16 4a 98 0b 52 56 31  ca f3 c9 37 90 79 a2 2b   |  J  RV1   7 y +|
0b0: 5f 41 d5 82 34 17 01 ca  5c c4 35 72 83 0f ea 44   |_A  4   \ 5r   D|
0c0: c0 01 7b 75 2d f2 9c b5  67 f1 f2 f1 d7 dd 1b f0   |  {u-   g       |
0d0: 93 a8 b2 a3 9e ac c6 fb  e0 7f 87 ca 2c 30 f8 77   |            ,0 w|
0e0: 7d 1e bd 3f 70 ea 08 7e  ee 10 3f ad 88 90 e7 c7   |}  ?p  ~  ?     |
0f0: cc 87 e9 bf 4d c0 ff 8d  0f b8 ee c7 74 f3 23 a7   |    M       t # |
100: 27 32 5b 8b 50 4e 1a 41  43 ea 10 67 4c 1a 5a b6   |'2[ PN AC  gL Z |
110: 6c 04 48 08 93 4e 0f ce  4a ae 56 ec 74 c2 a5 69   |l H  N  J V t  i|
120: d5 b4 88 c7 7a dc 80 bb  2b b5 b4 78 d6 99 29 c4   |    z   +  x  ) |
130: 00 3e 32 a8 33 f3 5f cd  9a 96 18 eb d7 8d 98 85   | >2 3 _         |
140: 55 33 d4 6f 8b 0a ba 99  a2 5c 12 c3 88 3b 2b 68   |U3 o     \   ;+h|
150: 34 9e e5 af b9 b5 81 7a  4f 84 98 08 e7 7b 98 2e   |4      zO    { .|
160: 2a ea 21 bb c1 b4 82 f7  6b d4 15 46 84 eb 98 53   |* !     k  F   S|
170: ce 94 77 6c 93 4d 0d 78  2c 9e f3 0b 19 33 3c 2a   |  wl M x,    3<*|
180: 5c 20 3b 98 bf dd e7 87  51 7e 03 cd 25 16 a2 6c   |\ ;     Q~  %  l|
190: fe f3 3a af 95 47 50 fe  a0 1e f8 ca f3 e3 c0 b5   |  :  GP         |
1a0: b9 b3 ec 3c 79 c9 23 a4  cb 91 10 ef 33 41 ce bb   |   <y #     3A  |
1b0: ac ba a2 8a 4b 72 7e 86  e9 1b d3 bf ff 45 b5 5f   |    Kr~      E _|
1c0: 30 21 14 e7 a7 28 19 88  62 56 67 9e 6a 61 67 f5   |0!   (  bVg jag |
1d0: aa de c7 50 6e a5 bb d0  ef 7a 79 58 3c 40 f5 56   |   Pn    zyX<@ V|
1e0: e2 59 16 28 2d 8c 66 b3  b2 e1 7f de d3 43 ed a8   | Y (- f      C  |
1f0: a6 8b c5 a9 4f c4 ba 26  f1 ce 3e 9f 87 5d 3d 24   |    O  &  >  ]=$|
200: 84 7c 5e 20 5a 22 5d cd  86 a7 56 13 c3 61 3c d7   | |^ Z"]   V  a< |
210: 2c e1 34 a0 79 13 50 0a  d0 e2 86 78 82 4f 07 25   |, 4 y P    x O %|
220: 57 62 b9 5a 6c d9 58 b6  8f 6f e1 9b 64 e7 bb 8c   |Wb Zl X  o  d   |
230: 17 19 04 9f a5 2b                                  |     +|

aes: output size = 0x236
000: 03 02 00 03 61 62 63 31  32 33 64 65 66 34 35 36   |    abc123def456|
010: 00 00 00 00 00 00 00 00  00 01 02 03 04 05 00 01   |                |
020: 02 03 04 05 00 00 2c 77  d7 2c 96 f5 d8 46 e2 15   |      ,w ,   F  |
030: 48 bf 91 59 5c 0d 3e 1d  df 11 a7 b5 57 d2 f2 64   |H  Y\ >     W  d|
040: 4b 2f 48 58 94 c6 b7 ed  5c 1a 60 b0 b4 6f 9e 14   |K/HX    \ `  o  |
050: 73 a7 c2 cc 9d 1b 5b cb  68 06 ac c2 68 72 5c 3d   |s     [ h   hr\=|
060: 37 c1 51 6a 64 cc 7d 6f  1e 84 ad 07 b2 89 0f c2   |7 Qjd }o        |
070: 04 56 0b 8d ea 3b aa ac  4b e9 de 94 c2 fe 91 84   | V   ;  K       |
080: 4c ad 89 67 a2 89 d6 22  6d ea 99 ac 1f 24 a4 68   |L  g   "m    $ h|
090: fc fb 14 2b 32 de 10 67  4b 3b f1 50 1a ce f6 8b   |   +2  gK; P    |
0a0: 03 57 f9 fe 6f 89 9b b4  e7 46 5b 9a 97 64 0d dc   | W  o    F[  d  |
0b0: df f4 9e 54 a6 2d 37 4f  b8 5b d1 28 35 73 12 26   |   T -7O [ (5s &|
0c0: a6 d4 5f 1c 6a d1 29 0e  fd ef 89 65 f3 5a 41 94   |  _ j )    e ZA |
0d0: ca ff 16 ac 57 8a 9d 2f  02 de 92 e4 73 98 b3 b8   |    W  /    s   |
0e0: ae c0 35 cf 48 83 a5 5e  7b 72 63 f6 71 bf 89 54   |  5 H  ^{rc q  T|
0f0: 60 74 1e 93 80 c2 f1 94  4c 27 24 4f 76 89 9a 32   |`t      L'$Ov  2|
100: 75 5d dd 24 5b 6c 37 09  96 b6 e1 7a b1 04 20 de   |u] $[l7    z    |
110: e8 1a dd 89 ab 2a cc be  ca cb ee 85 ff 14 5f 5e   |     *        _^|
120: 99 4d c2 f0 87 63 6d dc  e0 89 4e 33 dd f5 b3 18   | M   cm   N3    |
130: 8c c9 2b 01 23 fa 6c 20  3e 51 68 3d e8 3a 79 c2   |  + # l >Qh= :y |
140: 8a a2 78 70 63 8c b4 43  0d 60 19 a2 da be 20 b7   |  xpc  C `      |
150: 60 48 99 47 ec 08 aa b5  90 95 e9 40 69 71 b0 a6   |`H G       @iq  |
160: 7a a1 9d 44 b8 98 95 32  5c 95 0f a2 a7 a5 12 08   |z  D   2\       |
170: fc 31 63 48 5c 61 76 89  e9 d7 37 01 da 0c 3f 03   | 1cH\av   7   ? |
180: a4 1b 0a 91 d3 a7 06 61  0b b1 4b d5 cc e2 b3 41   |       a  K    A|
190: 08 69 b4 d8 a4 d5 0d 89  63 bc d8 f5 39 94 1e fc   | i      c   9   |
1a0: c7 e2 37 43 78 37 52 4f  5e a5 15 56 4c 94 8f 5c   |  7Cx7RO^  VL  \|
1b0: db c1 40 ea e7 73 30 8f  88 0b 05 15 d0 b2 0d 1a   |  @  s0         |
1c0: 92 d5 f8 9d 62 42 73 a1  e8 50 d7 25 7c 5d 6c 12   |    bBs  P %|]l |
1d0: 03 c0 31 de a1 3f 02 4a  5e bc c3 68 ea 50 14 ee   |  1  ? J^  h P  |
1e0: 06 3f 12 4e 93 a2 b4 f3  2d c3 29 1f 6f a6 3c 0c   | ? N    - ) o < |
1f0: a7 fe fe 7b 9e 8b a0 f9  fe bc 86 fc 1f 29 35 a2   |   {         )5 |
200: 8c 23 42 cc 02 3a 60 21  7c df 03 ba 00 5f 72 ab   | #B  :`!|    _r |
210: 96 df 4a a5 a3 64 8d 57  fd 76 90 42 34 2f 62 c5   |  J  d W v B4/b |
220: e1 5a 23 55 05 7f d1 3b  58 42 6f 97 0c 0b 8c 96   | Z#U   ;XBo     |
230: 7a 25 e2 b7 b4 af                                  |z%    |

cc20: output size = 0x236
000: 03 02 00 03 61 62 63 31  32 33 64 65 66 34 35 36   |    abc123def456|
010: 00 00 00 00 00 00 00 00  00 01 02 03 04 05 00 01   |                |
020: 02 03 04 05 00 00 c7 dd  61 ee ee 01 29 bd ff 55   |        a   )  U|
030: 36 51 cc 45 d7 f1 08 aa  98 a1 bd 64 57 72 87 e1   |6Q E       dWr  |
040: 3f 34 e5 65 fe c0 70 ca  6d 17 a9 35 eb b2 3d 1b   |?4 e  p m  5  = |
050: cb fc bd ec e0 7d 01 18  77 1d 24 d8 b4 32 a3 06   |     }  w $  2  |
060: 57 13 92 02 a3 46 a3 cb  62 f6 c7 27 11 ac 15 bb   |W    F  b  '    |
070: a5 59 7c b3 bf 1e ba f9  fd f9 d2 cd 0b 23 0a db   | Y|          #  |
080: 8f 27 66 d4 19 1d 62 04  14 bd 0c 72 32 76 7f af   | 'f   b    r2v  |
090: 20 a3 01 88 ff c7 ba 9e  45 d0 c0 b7 9d 24 df db   |        E    $  |
0a0: 48 8e ce be 32 67 71 13  03 be 49 bd b4 65 74 b0   |H   2gq   I  et |
0b0: c5 18 b0 dd 51 f9 14 28  8e 81 29 30 cc 1e da af   |    Q  (  )0    |
0c0: af 5c d1 a3 e8 13 ee 5d  5b 0b 38 fc d1 61 40 0d   | \     ][ 8  a@ |
0d0: 81 d0 d9 bf 3a 35 4e 60  ed 32 55 3a 04 21 fa e8   |    :5N` 2U: !  |
0e0: 48 03 de 7c 5a 66 8d 16  51 53 8d b5 c2 7f ee ca   |H  |Zf  QS      |
0f0: 35 06 25 d1 9b 5a 93 77  bc 20 5a c4 1c c9 6e 48   |5 %  Z w  Z   nH|
100: 0e ed 3b b8 4b fc e6 ba  d7 d5 ff 29 e2 a4 09 3c   |  ; K      )   <|
110: 27 91 a5 a0 0a 6b b3 ba  60 e5 d6 2a c3 7a 4f d3   |'    k  `  * zO |
120: c2 6d 28 b9 9f 2a dd 40  ab 5c a9 88 11 09 a5 ae   | m(  * @ \      |
130: 0d e2 76 b0 34 98 f9 06  33 c9 13 24 22 93 80 44   |  v 4   3  $"  D|
140: 67 8f 7d c6 38 58 10 e6  e7 e9 ad 63 d0 d8 18 c5   |g } 8X     c    |
150: 56 af 05 58 da 67 31 ca  7d 49 94 00 f2 72 56 27   |V  X g1 }I   rV'|
160: 8c 35 a9 82 4f 60 76 ef  bf f0 29 4f 58 91 d0 09   | 5  O`v   )OX   |
170: 24 c2 d0 77 93 96 c2 bf  c1 4e 95 0f f1 a3 e8 b3   |$  w     N      |
180: 48 9d f0 6a 54 43 33 8c  ab dc f7 1b 7b 11 bb 54   |H  jTC3     {  T|
190: d1 07 66 02 04 fa 46 bd  38 f8 9c 0d 00 bc fc 70   |  f   F 8      p|
1a0: 56 f2 17 2b 04 48 15 6a  1c 73 c4 06 55 c0 4b 5f   |V  + H j s  U K_|
1b0: 3e 76 e8 fd 47 40 e1 3f  0b 0a 70 ad 8c e2 e5 b0   |>v  G@ ?  p     |
1c0: c8 5d 9b ab de 86 37 0c  8d 5b ae d1 fc be 45 12   | ]    7  [    E |
1d0: c0 3c 64 af 99 4d 3c 64  a8 d9 8b e1 6a d6 28 1d   | <d  M<d    j ( |
1e0: da 75 f0 33 7e 74 89 11  47 93 c5 23 3c 41 0c 5b   | u 3~t  G  #<A [|
1f0: fc ba ea fd df 99 75 82  a0 3b ce d6 87 46 af fa   |      u  ;   F  |
200: 4c ed 97 6e 8b 24 8b df  de d2 80 e8 e2 18 e7 05   |L  n $          |
210: e9 e1 3b 14 4a 41 10 89  0a 24 68 96 4e 26 f7 a1   |  ; JA   $h N&  |
220: 46 c7 a8 3f 8c 13 62 fb  23 eb 94 2e 25 a7 3b 9b   |F  ?  b #  .% ; |
230: 01 55 7a 81 ae a5                                  | Uz   |

speck: output size = 0x236
000: 03 02 00 03 61 62 63 31  32 33 64 65 66 34 35 36   |    abc123def456|
010: 00 00 00 00 00 00 00 00  00 01 02 03 04 05 00 01   |                |
020: 02 03 04 05 00 00 c7 dd  61 ee ee 01 29 bd ff 55   |        a   )  U|
030: 36 51 cc 45 d7 f1 04 d3  ba 8c e8 fc aa 9a 11 23   |6Q E           #|
040: 64 bf c4 27 30 e6 9d e7  0b a6 08 bf 3d d6 a2 df   |d  '0       =   |
050: 03 67 c2 c0 19 e0 ca 09  7d 15 c3 d6 08 41 37 f3   | g      }    A7 |
060: 91 5d a1 c3 7b 8c d6 95  a9 2c 6e 7a 5f 81 30 dc   | ]  {    ,nz_ 0 |
070: de 04 8d db 99 03 7d be  e0 7e 71 1b 1c d2 71 0e   |      }  ~q   q |
080: 0f 6e 47 9e 0e 46 c4 f1  fe 14 6e ac dc 25 a0 4d   | nG  F    n  % M|
090: 1c 58 7d 60 f9 ad 54 36  a4 41 06 1e 67 6a ac 42   | X}`  T6 A  gj B|
0a0: d1 16 50 19 b7 dc e7 7f  b7 74 a8 34 f4 a4 59 d6   |  P      t 4  Y |
0b0: ff 04 1e 71 18 b0 8c 7e  08 da 5c 2b 23 29 7c 96   |   q   ~  \+#)| |
0c0: 62 cc 8b fb 01 d7 83 b4  9c f5 ec 86 86 e8 e0 1c   |b               |
0d0: 07 96 67 f2 fd 2e bf 88  ef 1f ab 3a 26 56 0a 29   |  g  .     :&V )|
0e0: da e4 3e 26 1f 35 e5 66  9c f7 33 61 9d d1 2e cc   |  >& 5 f  3a  . |
0f0: d2 8b be bb 7b 63 aa 40  60 65 12 c7 26 dc 4d 75   |    {c @`e  & Mu|
100: 43 cb 61 ce f6 ba 01 5a  66 3d d9 f6 52 dc 36 11   |C a    Zf=  R 6 |
110: 83 5c 47 0b ac 48 3a d6  aa c1 60 31 08 27 b0 af   | \G  H:   `1 '  |
120: 6c 34 44 4b 3c a2 36 e6  1f ed 83 6c 11 37 04 63   |l4DK< 6    l 7 c|
130: eb 5b 29 de 8c 3b fa b3  e4 48 d3 da ce 0c 5e c7   | [)  ;   H    ^ |
140: ba 3e bf 18 c9 35 d6 71  85 74 7d 1d aa a7 c9 06   | >   5 q t}     |
150: 24 72 81 59 35 b0 6f b8  31 75 05 16 10 18 20 61   |$r Y5 o 1u     a|
160: c7 f5 96 ef 0a 6f 17 22  a8 ee 5b f5 18 44 2d bc   |     o "  [  D- |
170: cb e2 f8 b8 30 4f 26 ce  e5 09 fd 1e 36 19 d9 8f   |    0O&     6   |
180: 14 88 2d 4d 9e 07 fc 8c  71 cb 0b 30 d2 8e 39 9a   |  -M    q  0  9 |
190: eb 5c 96 92 43 46 74 13  f4 46 02 e8 8f 52 d9 04   | \  CFt  F   R  |
1a0: 5d e1 6d 39 7b 01 c7 ea  43 4b 53 13 05 aa 07 b9   |] m9{   CKS     |
1b0: f6 56 79 96 cf d6 55 a1  47 70 4e 6f ce 5b d1 96   | Vy   U GpNo [  |
1c0: 8c 7b 34 37 37 36 27 e5  c5 e9 7f 55 61 be d0 1d   | {4776'    Ua   |
1d0: cc 9b 92 a5 7c f7 9d d5  62 e9 8c 2d 66 eb 4f ff   |    |   b  -f O |
1e0: 84 00 11 77 62 91 ac 1c  78 b5 30 73 f3 21 ec e2   |   wb   x 0s !  |
1f0: 61 b7 85 a1 0f 5b e9 d5  02 e7 d9 bc 99 01 86 ab   |a    [          |
200: 1c eb 5a 92 df e7 4b d1  4e 99 8b 97 f6 d8 4b 15   |  Z   K N     K |
210: 02 fc e7 e5 c2 94 2f 08  e5 10 3a 57 98 95 39 02   |      /   :W  9 |
220: e3 af ac ef 9b 5a 72 ea  42 e8 36 6f 2c 58 b1 07   |     Zr B 6o,X  |
230: e3 34 32 98 e4 fe                                  | 42   |

lzo: output size = 0x55
000: 03 02 00 03 61 62 63 31  32 33 64 65 66 34 35 36   |    abc123def456|
010: 00 00 00 00 00 00 00 00  00 01 02 03 04 05 00 01   |                |
020: 02 03 04 05 00 00 0d 00  01 02 03 04 05 06 07 08   |                |
030: 09 0a 0b 0c 0d 0e 0f 20  00 bc 3c 00 00 02 0c 0d   |          <     |
040: 0e 0f 00 01 02 03 04 05  06 07 08 09 0a 0b 0c 0d   |                |
050: 0e 0f 11 00 00                                     |     |

zstd: output size = 0x47
000: 03 02 00 03 61 62 63 31  32 33 64 65 66 34 35 36   |    abc123def456|
010: 00 00 00 00 00 00 00 00  00 01 02 03 04 05 00 01   |                |
020: 02 03 04 05 00 00 28 b5  2f fd 60 00 01 bd 00 00   |      ( / `     |
030: 80 00 01 02 03 04 05 06  07 08 09 0a 0b 0c 0d 0e   |                |
040: 0f 01 00 da 47 9d 4b                               |    G K|

