### supernode started

### test: ./scripts/test_packets --bind 7000 -s localhost:7001 test_QUERY_PEER_ping
test:
000: 03 02 00 0b 74 65 73 74  00 00 00 00 00 00 00 00   |    test        |
010: 00 00 00 00 00 00 00 00  00 00 00 00 00 01 00 00   |                |
020: 00 00 00 00 00 00                                  |      |
recv:
000: 03 02 00 2a 74 65 73 74  00 00 00 00 00 00 00 00   |   *test        |
010: 00 00 00 00 00 00 00 00  00 00 02 00 00 00 00 01   |                |
020: 00 00 00 00 00 00 00 00  1b 58 7f 00 00 01 ff ff   |         X      |
030: ff ff ff ff ff ff 5f 73  74 61 62 69 6c 69 73 65   |      _stabilise|
040: 64 5f 00 00 00 00 00 00  00 00                     |d_        |
{'_name': 'PEER_INFO',
 'proto_version': 3,
 'ttl': 2,
 'type': 10,
 'flags': 32,
 'community': b'test\x00\x00\x00\x00\x00\x00\x00\x00\x00\x00\x00\x00'
              b'\x00\x00\x00\x00',
 'aflags': 0,
 'srcMac': b'\x02\x00\x00\x00\x00\x01',
 'mac': b'\x00\x00\x00\x00\x00\x00',
 'sock_family': <AddressFamily.AF_INET: 2>,
 'sock_port': 7000,
 'sock_addr': b'\x7f\x00\x00\x01',
 'load': 4294967295,
 'uptime': 4294967295,
 'version': b'_stabilised_'}

### test: ./scripts/test_packets --bind 7000 -s localhost:7001 test_REGISTER_SUPER
test:
000: 03 02 00 05 74 65 73 74  00 00 00 00 00 00 00 00   |    test        |
010: 00 00 00 00 00 00 00 00  00 00 10 00 00 00 00 00   |                |
020: 00 03 00 00 00 00 00 70  61 63 6b 65 74 67 65 6e   |       packetgen|
030: 65 72 61 74 6f 72 00 00  00 00 00 00 00 02 58      |erator        X|
recv:
000: 03 02 00 67 74 65 73 74  00 00 00 00 00 00 00 00   |   gtest        |
010: 00 00 00 00 00 00 00 00  00 00 10 00 02 00 00 00   |                |
020: 00 01 0a c8 af 73 18 00  0f 00 00 1b 58 7f 00 00   |     s      X   |
030: 01 00 00 00 00 00 00 00  00 00                     |          |
{'_name': 'REGISTER_SUPER_ACK',
 'proto_version': 3,
 'ttl': 2,
 'type': 7,
 'flags': 96,
 'community': b'test\x00\x00\x00\x00\x00\x00\x00\x00\x00\x00\x00\x00'
              b'\x00\x00\x00\x00',
 'cookie': 4096,
 'srcMac': b'\x02\x00\x00\x00\x00\x01',
 'ipv4': b'\n\xc8\xafs',
 'masklen': 24,
 'lifetime': 15,
 'sock_family': <AddressFamily.AF_INET: 2>,
 'sock_port': 7000,
 'sock_addr': b'\x7f\x00\x00\x01',
 'auth_scheme': 0,
 'auth_token_size': 0,
 'num_sn': 0,
 'key_time': 0}

### test: ./scripts/n3nctl -s ci_sn1 get_edges --raw
[
    {
        "community": "test",
        "desc": "packetgenerator",
        "ip4addr": "",
        "last_p2p": 0,
        "last_sent_query": 0,
        "local": 0,
        "macaddr": "00:00:00:00:00:03",
        "mode": "sn",
        "prefered_sockaddr": "0.0.0.0:0",
        "purgeable": 1,
        "sockaddr": "127.0.0.1:7000",
        "timeout": 0,
        "uptime": 0,
        "version": ""
    }
]

### test: ./scripts/test_packets --bind 7000 -s localhost:7001 test_QUERY_PEER
test:
000: 03 02 00 0b 74 65 73 74  00 00 00 00 00 00 00 00   |    test        |
010: 00 00 00 00 00 00 00 00  00 00 00 00 00 01 00 00   |                |
020: 00 00 00 03 00 00                                  |      |
recv:
000: 03 02 00 2a 74 65 73 74  00 00 00 00 00 00 00 00   |   *test        |
010: 00 00 00 00 00 00 00 00  00 00 00 00 00 00 00 01   |                |
020: 00 00 00 00 00 03 00 00  1b 58 7f 00 00 01 ff ff   |         X      |
030: ff ff ff ff ff ff 5f 73  74 61 62 69 6c 69 73 65   |      _stabilise|
040: 64 5f 00 00 00 00 00 00  00 00                     |d_        |
{'_name': 'PEER_INFO',
 'proto_version': 3,
 'ttl': 2,
 'type': 10,
 'flags': 32,
 'community': b'test\x00\x00\x00\x00\x00\x00\x00\x00\x00\x00\x00\x00'
              b'\x00\x00\x00\x00',
 'aflags': 0,
 'srcMac': b'\x00\x00\x00\x00\x00\x01',
 'mac': b'\x00\x00\x00\x00\x00\x03',
 'sock_family': <AddressFamily.AF_INET: 2>,
 'sock_port': 7000,
 'sock_addr': b'\x7f\x00\x00\x01',
 'load': 4294967295,
 'uptime': 4294967295,
 'version': b'_stabilised_'}

### test: ./scripts/test_packets --bind 7000 -s localhost:7001 test_REGISTER
test:
000: 03 02 00 01 74 65 73 74  00 00 00 00 00 00 00 00   |    test        |
010: 00 00 00 00 00 00 00 00  00 00 10 00 00 00 00 00   |                |
020: 00 01 00 00 00 00 00 03  00 00 00 00 00 70 61 63   |             pac|
030: 6b 65 74 67 65 6e 65 72  61 74 6f 72 00            |ketgenerator |
recv:
000: 03 01 00 61 74 65 73 74  00 00 00 00 00 00 00 00   |   atest        |
010: 00 00 00 00 00 00 00 00  00 00 10 00 00 00 00 00   |                |
020: 00 01 00 00 00 00 00 03  00 00 1b 58 7f 00 00 01   |           X    |
030: 00 00 00 00 00 70 61 63  6b 65 74 67 65 6e 65 72   |     packetgener|
040: 61 74 6f 72 00                                     |ator |
{'_name': 'REGISTER',
 'proto_version': 3,
 'ttl': 1,
 'type': 1,
 'flags': 96,
 'community': b'test\x00\x00\x00\x00\x00\x00\x00\x00\x00\x00\x00\x00'
              b'\x00\x00\x00\x00',
 'cookie': 4096,
 'srcMac': b'\x00\x00\x00\x00\x00\x01',
 'edgeMac': b'\x00\x00\x00\x00\x00\x03',
 'sock_family': <AddressFamily.AF_INET: 2>,
 'sock_port': 7000,
 'sock_addr': b'\x7f\x00\x00\x01',
 'ipv4': b'\x00\x00\x00\x00',
 'masklen': 0,
 'desc': b'packetgenerator\x00'}

### test: ./scripts/test_packets --bind 7000 -s localhost:7001 test_PACKET
test:
000: 03 02 00 03 74 65 73 74  00 00 00 00 00 00 00 00   |    test        |
010: 00 00 00 00 00 00 00 00  00 00 00 00 00 01 00 00   |                |
020: 00 00 00 03 01 01 02 00  00 00 00 11 02 00 00 00   |                |
030: 00 22 0f 0f 55 aa 00 00  00 00 00 00 00 00 00 00   | "  U           |
040: 00 00 00 00 00 00 00 00  00 00 00 00 00 00 00 00   |                |
050: 00 00 00 00 00 00 00 00  00 00 00 00 00 00 00 00   |                |
060: 00 00 00 00 00 00                                  |      |
recv:
000: 03 01 00 63 74 65 73 74  00 00 00 00 00 00 00 00   |   ctest        |
010: 00 00 00 00 00 00 00 00  00 00 00 00 00 01 00 00   |                |
020: 00 00 00 03 00 00 1b 58  7f 00 00 01 01 01 02 00   |       X        |
030: 00 00 00 11 02 00 00 00  00 22 0f 0f 55 aa 00 00   |         "  U   |
040: 00 00 00 00 00 00 00 00  00 00 00 00 00 00 00 00   |                |
050: 00 00 00 00 00 00 00 00  00 00 00 00 00 00 00 00   |                |
060: 00 00 00 00 00 00 00 00  00 00 00 00 00 00         |              |
{'_name': 'PACKET',
 'proto_version': 3,
 'ttl': 1,
 'type': 3,
 'flags': 96,
 'community': b'test\x00\x00\x00\x00\x00\x00\x00\x00\x00\x00\x00\x00'
              b'\x00\x00\x00\x00',
 'srcMac': b'\x00\x00\x00\x00\x00\x01',
 'edgeMac': b'\x00\x00\x00\x00\x00\x03',
 'sock_family': <AddressFamily.AF_INET: 2>,
 'sock_port': 7000,
 'sock_addr': b'\x7f\x00\x00\x01',
 'compression': 1,
 'transform': 1,
 'packet': b'\x02\x00\x00\x00\x00\x11\x02\x00\x00\x00\x00"\x0f\x0fU\xaa'
           b'\x00\x00\x00\x00\x00\x00\x00\x00\x00\x00\x00\x00\x00\x00\x00\x00'
           b'\x00\x00\x00\x00\x00\x00\x00\x00\x00\x00\x00\x00\x00\x00\x00\x00'
           b'\x00\x00\x00\x00\x00\x00\x00\x00\x00\x00\x00\x00\x00\x00\x00\x00'}

### test: ./scripts/test_packets --bind 7000 -s localhost:7001 --timeout 0 test_UNREGISTER_SUPER
test:
000: 03 02 00 06 74 65 73 74  00 00 00 00 00 00 00 00   |    test        |
010: 00 00 00 00 00 00 00 00  00 00 00 00 00 00 00 00   |                |
020: 00 03                                              |  |

### test: ./scripts/n3nctl -s ci_sn1 get_edges --raw
[]

### test: ./scripts/n3nctl -s ci_sn1 -k n3n stop
0

