### test: ./apps/edge test hashing
OK

### test: ./apps/edge test config roundtrip
# Autogenerated config dump

####################
[auth]

####################
[community]
header_encryption=unknown


####################
[connection]
advertise_addr=0.0.0.0
allow_p2p=false
connect_tcp=false
pmtu_discovery=false
register_interval=0
register_pkt_ttl=0
tos=0

####################
[daemon]
userid=0
groupid=0
background=false

####################
[filter]
allow_multicast=false
allow_routing=false

####################
[logging]
verbose=2

####################
[management]
port=0

####################
[tuntap]
address=0.0.0.0/0
address_mode=auto
metric=0
mtu=0

### test: ./apps/edge tools keygen logan 007
* logan nHWum+r42k1qDXdIeH-WFKeylK5UyLStRzxofRNAgpG

### test: ./apps/edge tools keygen secretFed
auth.pubkey=opIyaWhWjKLJSNOHNpKnGmelhHWRqkmY5pAx7lbDHp4

